Copyright 1986-2022 Xilinx, Inc. All Rights Reserved. Copyright 2022-2024 Advanced Micro Devices, Inc. All Rights Reserved.
---------------------------------------------------------------------------------------------------------------------------------------------
| Tool Version : Vivado v.2024.1 (lin64) Build 5076996 Wed May 22 18:36:09 MDT 2024
| Date         : Tue Jul 15 11:17:04 2025
| Host         : sidharth-Alienware-Aurora-Ryzen-Edition running 64-bit Ubuntu 24.04.2 LTS
| Command      : report_clock_interaction -file reports/clock_interaction.rpt
| Design       : fpgaTop
| Device       : 7a100t-csg324
| Speed File   : -1  PRODUCTION 1.23 2018-06-13
| Design State : Synthesized
---------------------------------------------------------------------------------------------------------------------------------------------

Clock Interaction Report

Clock Interaction Table
-----------------------

                                                                                                                                                                                                                                                                                                                      WNS                            TNS Failing  TNS Total    WNS Path         Clock-Pair           Inter-Clock              
From Clock                                                                                                                                                 To Clock                                                                                                                                                   Clock Edges  WNS(ns)  TNS(ns)    Endpoints    Endpoints  Requirement(ns)  Classification       Constraints              
---------------------------------------------------------------------------------------------------------------------------------------------------------  ---------------------------------------------------------------------------------------------------------------------------------------------------------  -----------  -------  -------  -----------  -----------  ---------------  -------------------  -----------------------  
clk_div2_bufg_in                                                                                                                                           clk_div2_bufg_in                                                                                                                                           rise - rise     4.74     0.00            0           12             6.00  Clean                Timed                    
clk_out2_mmcm                                                                                                                                              clk_out2_mmcm                                                                                                                                              rise - rise     2.26     0.00            0          126             5.00  Clean                Timed                    
clk_out2_mmcm                                                                                                                                              clk_pll_i                                                                                                                                                  rise - rise    19.76     0.00            0           12            20.00  Clean                Timed                    
clk_out3_mmcm                                                                                                                                              clk_div2_bufg_in                                                                                                                                                                                    0           13                   Ignored              False Path               
clk_out3_mmcm                                                                                                                                              clk_out2_mmcm                                                                                                                                                                                       0           15                   Ignored              False Path               
clk_out3_mmcm                                                                                                                                              clk_out3_mmcm                                                                                                                                              rise - rise    11.83     0.00            0        75690            20.00  Clean                Partial False Path       
clk_out3_mmcm                                                                                                                                              clk_pll_i                                                                                                                                                  rise - rise    48.97     0.00            0          283            50.00  Ignored              Max Delay Datapath Only  
clk_out3_mmcm                                                                                                                                              mmcm_ps_clk_bufg_in                                                                                                                                                                                 0           13                   Ignored              False Path               
clk_pll_i                                                                                                                                                  clk_out2_mmcm                                                                                                                                              rise - rise    18.96     0.00            0            1            20.00  Ignored              Max Delay Datapath Only  
clk_pll_i                                                                                                                                                  clk_out3_mmcm                                                                                                                                              rise - rise    -1.68    -1.68            1          103             2.00  Clean                Partial False Path       
clk_pll_i                                                                                                                                                  clk_pll_i                                                                                                                                                  rise - rise     5.85     0.00            0        16708            12.00  Clean                Timed                    
clk_pll_i                                                                                                                                                  u_memc_ui_top_axi/mem_intfc0/ddr_phy_top0/u_ddr_mc_phy_wrapper/u_ddr_mc_phy/ddr_phy_4lanes_0.u_ddr_phy_4lanes/ddr_byte_lane_C.ddr_byte_lane_C/iserdes_clk  rise - fall    12.37     0.00            0            8            16.50  Clean                Timed                    
clk_pll_i                                                                                                                                                  u_memc_ui_top_axi/mem_intfc0/ddr_phy_top0/u_ddr_mc_phy_wrapper/u_ddr_mc_phy/ddr_phy_4lanes_0.u_ddr_phy_4lanes/ddr_byte_lane_D.ddr_byte_lane_D/iserdes_clk  rise - fall    12.37     0.00            0            8            16.50  Clean                Timed                    
iserdes_clkdiv                                                                                                                                             iserdes_clkdiv                                                                                                                                             rise - rise     9.97     0.00            0           33            12.00  Clean                Timed                    
iserdes_clkdiv_1                                                                                                                                           iserdes_clkdiv_1                                                                                                                                           rise - rise     9.96     0.00            0           33            12.00  Clean                Timed                    
mem_refclk                                                                                                                                                 clk_pll_i                                                                                                                                                                                           0            2                   Ignored              False Path               
mem_refclk                                                                                                                                                 mem_refclk                                                                                                                                                 rise - rise     1.81     0.00            0            1             3.00  Clean                Timed                    
mmcm_ps_clk_bufg_in                                                                                                                                        mmcm_ps_clk_bufg_in                                                                                                                                        rise - rise    22.72     0.00            0           12            24.00  Clean                Timed                    
oserdes_clk                                                                                                                                                oserdes_clkdiv                                                                                                                                             rise - rise     2.11     0.00            0           12             3.00  Clean                Timed                    
oserdes_clk_1                                                                                                                                              oserdes_clkdiv_1                                                                                                                                           rise - rise     2.11     0.00            0           13             3.00  Clean                Timed                    
oserdes_clk_2                                                                                                                                              oserdes_clk_2                                                                                                                                              rise - rise     1.44     0.00            0            4             3.00  Clean                Timed                    
oserdes_clk_2                                                                                                                                              oserdes_clkdiv_2                                                                                                                                           rise - rise     2.11     0.00            0           15             3.00  Clean                Timed                    
oserdes_clk_3                                                                                                                                              oserdes_clk_3                                                                                                                                              rise - rise     1.46     0.00            0            4             3.00  Clean                Timed                    
oserdes_clk_3                                                                                                                                              oserdes_clkdiv_3                                                                                                                                           rise - rise     2.11     0.00            0           15             3.00  Clean                Timed                    
oserdes_clkdiv                                                                                                                                             oserdes_clkdiv                                                                                                                                             rise - rise    10.09     0.00            0           44            12.00  Clean                Timed                    
oserdes_clkdiv_1                                                                                                                                           oserdes_clkdiv_1                                                                                                                                           rise - rise    10.60     0.00            0           48            12.00  Clean                Timed                    
oserdes_clkdiv_2                                                                                                                                           oserdes_clkdiv_2                                                                                                                                           rise - rise     4.60     0.00            0           36             6.00  Clean                Timed                    
oserdes_clkdiv_3                                                                                                                                           oserdes_clkdiv_3                                                                                                                                           rise - rise     4.62     0.00            0           36             6.00  Clean                Timed                    
sync_pulse                                                                                                                                                 mem_refclk                                                                                                                                                 rise - rise     1.28     0.00            0            1             1.69  Clean                Timed                    


